% mean class accuracy (test set)	
 9.9000e+01	
 9.9270e+01	
 9.9350e+01	
 9.9320e+01	
 9.9380e+01	
 9.9530e+01	
 9.9540e+01	
 9.9480e+01	
 9.9440e+01	
 9.9530e+01	
 9.9590e+01	
 9.9560e+01	
 9.9510e+01	
 9.9500e+01	
 9.9520e+01	
 9.9540e+01	
 9.9520e+01	
 9.9550e+01	
 9.9550e+01	
 9.9560e+01	
 9.9560e+01	
 9.9560e+01	
 9.9560e+01	
 9.9550e+01	
 9.9550e+01	
 9.9550e+01	
